src/services/baseDatabaseService.ts(19,35): error TS18047: 'supabase' is possibly 'null'.
src/services/baseDatabaseService.ts(32,35): error TS18047: 'supabase' is possibly 'null'.
src/services/baseDatabaseService.ts(47,35): error TS18047: 'supabase' is possibly 'null'.
src/services/baseDatabaseService.ts(62,35): error TS18047: 'supabase' is possibly 'null'.
src/services/baseDatabaseService.ts(78,29): error TS18047: 'supabase' is possibly 'null'.
src/services/baseDatabaseService.ts(92,17): error TS18047: 'supabase' is possibly 'null'.
src/services/baseDatabaseService.ts(118,42): error TS18047: 'supabase' is possibly 'null'.
src/services/parkingService.ts(15,35): error TS18047: 'supabase' is possibly 'null'.
src/services/parkingService.ts(77,35): error TS18047: 'supabase' is possibly 'null'.
src/services/parkingService.ts(116,35): error TS18047: 'supabase' is possibly 'null'.
src/services/userProfileService.ts(25,35): error TS18047: 'supabase' is possibly 'null'.
src/services/userProfileService.ts(56,35): error TS18047: 'supabase' is possibly 'null'.
src/services/userProfileService.ts(81,35): error TS18047: 'supabase' is possibly 'null'.
src/store/modules/resident.ts(24,7): error TS2739: Type '{ residents: never[]; statuses: ResidentStatus[]; loading: false; error: null; }' is missing the following properties from type 'ResidentState': accessCards, licensePlates, stats
src/tests/security/auth.test.ts(6,50): error TS2307: Cannot find module 'vitest' or its corresponding type declarations.
src/tests/security/auth.test.ts(7,34): error TS2307: Cannot find module '../../../services/localAuthService' or its corresponding type declarations.
src/tests/security/deposit.test.ts(6,38): error TS2307: Cannot find module 'vitest' or its corresponding type declarations.
src/tests/security/deposit.test.ts(7,47): error TS2307: Cannot find module '../../../store/modules/depositV2' or its corresponding type declarations.
src/tests/security/deposit.test.ts(8,35): error TS2307: Cannot find module '../../../store/modules/depositV2' or its corresponding type declarations.
src/tests/security/deposit.test.ts(131,13): error TS2578: Unused '@ts-expect-error' directive.
src/tests/security/facility.test.ts(6,38): error TS2307: Cannot find module 'vitest' or its corresponding type declarations.
src/tests/security/facility.test.ts(7,66): error TS2307: Cannot find module '../../../store/modules/facility' or its corresponding type declarations.
src/tests/security/facility.test.ts(8,36): error TS2307: Cannot find module '../../../store/modules/facility' or its corresponding type declarations.
src/tests/security/facility.test.ts(9,40): error TS2307: Cannot find module '../../../types/domain' or its corresponding type declarations.
src/tests/security/fee.test.ts(6,38): error TS2307: Cannot find module 'vitest' or its corresponding type declarations.
src/tests/security/fee.test.ts(7,47): error TS2307: Cannot find module '../../../store/modules/fee' or its corresponding type declarations.
src/tests/security/fee.test.ts(8,31): error TS2307: Cannot find module '../../../store/modules/fee' or its corresponding type declarations.
src/tests/security/iot.test.ts(6,38): error TS2307: Cannot find module 'vitest' or its corresponding type declarations.
src/tests/security/iot.test.ts(7,51): error TS2307: Cannot find module '../../../store/modules/eventBus' or its corresponding type declarations.
src/tests/security/iot.test.ts(8,36): error TS2307: Cannot find module '../../../store/modules/eventBus' or its corresponding type declarations.
src/tests/security/parking.test.ts(6,38): error TS2307: Cannot find module 'vitest' or its corresponding type declarations.
src/tests/security/parking.test.ts(7,52): error TS2307: Cannot find module '../../../store/modules/parking' or its corresponding type declarations.
src/tests/security/parking.test.ts(8,35): error TS2307: Cannot find module '../../../store/modules/parking' or its corresponding type declarations.
src/tests/security/validation.test.ts(6,38): error TS2307: Cannot find module 'vitest' or its corresponding type declarations.
src/tests/security/validation.test.ts(7,79): error TS2307: Cannot find module '../../../utils/validation' or its corresponding type declarations.
src/tests/security/validation.test.ts(8,37): error TS2307: Cannot find module '../../../utils/validation' or its corresponding type declarations.
src/tests/simulation/simulation.test.ts(5,26): error TS2724: '"../../store/modules/depositV2"' has no exported member named 'depositActionsV2'. Did you mean 'depositV2Actions'?
src/tests/simulation/simulation.test.ts(10,1): error TS2582: Cannot find name 'describe'. Do you need to install type definitions for a test runner? Try `npm i --save-dev @types/jest` or `npm i --save-dev @types/mocha`.
src/tests/simulation/simulation.test.ts(12,5): error TS2582: Cannot find name 'describe'. Do you need to install type definitions for a test runner? Try `npm i --save-dev @types/jest` or `npm i --save-dev @types/mocha`.
src/tests/simulation/simulation.test.ts(13,9): error TS2582: Cannot find name 'it'. Do you need to install type definitions for a test runner? Try `npm i --save-dev @types/jest` or `npm i --save-dev @types/mocha`.
src/tests/simulation/simulation.test.ts(25,13): error TS2304: Cannot find name 'expect'.
src/tests/simulation/simulation.test.ts(29,5): error TS2582: Cannot find name 'describe'. Do you need to install type definitions for a test runner? Try `npm i --save-dev @types/jest` or `npm i --save-dev @types/mocha`.
src/tests/simulation/simulation.test.ts(30,9): error TS2582: Cannot find name 'it'. Do you need to install type definitions for a test runner? Try `npm i --save-dev @types/jest` or `npm i --save-dev @types/mocha`.
src/tests/simulation/simulation.test.ts(34,73): error TS2345: Argument of type '{ id: string; name: string; totalSpaces: number; }' is not assignable to parameter of type 'ParkingArea'.
  Type '{ id: string; name: string; totalSpaces: number; }' is missing the following properties from type 'ParkingArea': monthlyRate, visitorRate
src/tests/simulation/simulation.test.ts(42,13): error TS2304: Cannot find name 'expect'.
src/tests/simulation/simulation.test.ts(43,13): error TS2304: Cannot find name 'expect'.
src/tests/simulation/simulation.test.ts(47,5): error TS2582: Cannot find name 'describe'. Do you need to install type definitions for a test runner? Try `npm i --save-dev @types/jest` or `npm i --save-dev @types/mocha`.
src/tests/simulation/simulation.test.ts(48,9): error TS2582: Cannot find name 'it'. Do you need to install type definitions for a test runner? Try `npm i --save-dev @types/jest` or `npm i --save-dev @types/mocha`.
src/tests/simulation/simulation.test.ts(68,13): error TS2304: Cannot find name 'expect'.
src/tests/simulation/simulation.test.ts(69,13): error TS2304: Cannot find name 'expect'.
src/tests/simulation/simulation.test.ts(73,5): error TS2582: Cannot find name 'describe'. Do you need to install type definitions for a test runner? Try `npm i --save-dev @types/jest` or `npm i --save-dev @types/mocha`.
src/tests/simulation/simulation.test.ts(74,9): error TS2582: Cannot find name 'it'. Do you need to install type definitions for a test runner? Try `npm i --save-dev @types/jest` or `npm i --save-dev @types/mocha`.
src/tests/simulation/simulation.test.ts(95,13): error TS2304: Cannot find name 'expect'.
src/tests/simulation/simulation.test.ts(96,13): error TS2304: Cannot find name 'expect'.
src/tests/simulation/simulation.test.ts(97,13): error TS2304: Cannot find name 'expect'.
src/tests/simulation/simulation.test.ts(98,13): error TS2304: Cannot find name 'expect'.
src/tests/simulation/simulation.test.ts(102,5): error TS2582: Cannot find name 'describe'. Do you need to install type definitions for a test runner? Try `npm i --save-dev @types/jest` or `npm i --save-dev @types/mocha`.
src/tests/simulation/simulation.test.ts(103,9): error TS2582: Cannot find name 'it'. Do you need to install type definitions for a test runner? Try `npm i --save-dev @types/jest` or `npm i --save-dev @types/mocha`.
src/tests/simulation/simulation.test.ts(110,13): error TS2304: Cannot find name 'expect'.
src/tests/simulation/simulation.test.ts(114,13): error TS2304: Cannot find name 'expect'.
src/tests/simulation/simulation.test.ts(115,13): error TS2304: Cannot find name 'expect'.
src/tests/simulation/simulation.test.ts(119,5): error TS2582: Cannot find name 'describe'. Do you need to install type definitions for a test runner? Try `npm i --save-dev @types/jest` or `npm i --save-dev @types/mocha`.
src/tests/simulation/simulation.test.ts(120,9): error TS2582: Cannot find name 'it'. Do you need to install type definitions for a test runner? Try `npm i --save-dev @types/jest` or `npm i --save-dev @types/mocha`.
src/tests/simulation/simulation.test.ts(123,19): error TS2741: Property 'ownerPhone' is missing in type '{ id: string; unitId: string; statusId: string; ownerName: string; members: never[]; tenants: never[]; licensePlates: never[]; generalCards: never[]; etcCards: never[]; otherEtcCards: never[]; createdAt: string; updatedAt: string; }' but required in type 'ResidentV2'.
src/tests/simulation/simulation.test.ts(130,13): error TS2304: Cannot find name 'expect'.
src/tests/simulation/simulation.test.ts(131,13): error TS2304: Cannot find name 'expect'.
src/tests/simulation/simulation.test.ts(135,13): error TS2304: Cannot find name 'expect'.
src/tests/stress/stress.test.ts(6,1): error TS2582: Cannot find name 'describe'. Do you need to install type definitions for a test runner? Try `npm i --save-dev @types/jest` or `npm i --save-dev @types/mocha`.
src/tests/stress/stress.test.ts(8,5): error TS2582: Cannot find name 'describe'. Do you need to install type definitions for a test runner? Try `npm i --save-dev @types/jest` or `npm i --save-dev @types/mocha`.
src/tests/stress/stress.test.ts(9,9): error TS2582: Cannot find name 'it'. Do you need to install type definitions for a test runner? Try `npm i --save-dev @types/jest` or `npm i --save-dev @types/mocha`.
src/tests/stress/stress.test.ts(17,21): error TS2353: Object literal may only specify known properties, and 'type' does not exist in type 'IoTEvent'.
src/tests/stress/stress.test.ts(25,13): error TS2304: Cannot find name 'expect'.
src/tests/stress/stress.test.ts(29,5): error TS2582: Cannot find name 'describe'. Do you need to install type definitions for a test runner? Try `npm i --save-dev @types/jest` or `npm i --save-dev @types/mocha`.
src/tests/stress/stress.test.ts(30,9): error TS2582: Cannot find name 'it'. Do you need to install type definitions for a test runner? Try `npm i --save-dev @types/jest` or `npm i --save-dev @types/mocha`.
src/tests/stress/stress.test.ts(43,13): error TS2304: Cannot find name 'expect'.
src/tests/stress/stress.test.ts(47,5): error TS2582: Cannot find name 'describe'. Do you need to install type definitions for a test runner? Try `npm i --save-dev @types/jest` or `npm i --save-dev @types/mocha`.
src/tests/stress/stress.test.ts(48,9): error TS2582: Cannot find name 'it'. Do you need to install type definitions for a test runner? Try `npm i --save-dev @types/jest` or `npm i --save-dev @types/mocha`.
src/tests/stress/stress.test.ts(67,13): error TS2304: Cannot find name 'expect'.
src/views/Frontstage/FacilitySystem.tsx(148,49): error TS2345: Argument of type 'FacilityBooking[]' is not assignable to parameter of type 'FacilityBookingV2[]'.
  Type 'FacilityBooking' is missing the following properties from type 'FacilityBookingV2': bookingType, bookingDate, staffName, bookingStatus
src/views/Frontstage/FacilitySystem.tsx(161,49): error TS2339: Property 'status' does not exist on type 'FacilityBookingV2'.
src/views/Frontstage/FacilitySystem.tsx(162,47): error TS2339: Property 'status' does not exist on type 'FacilityBookingV2'.
src/views/Frontstage/FacilitySystem.tsx(165,37): error TS2339: Property 'totalAmount' does not exist on type 'FacilityBookingV2'.
src/views/Frontstage/FacilitySystem.tsx(387,38): error TS2339: Property 'purpose' does not exist on type 'FacilityBookingV2'.
src/views/Frontstage/FacilitySystem.tsx(390,103): error TS2339: Property 'status' does not exist on type 'FacilityBookingV2'.
src/views/Frontstage/FacilitySystem.tsx(391,55): error TS2339: Property 'status' does not exist on type 'FacilityBookingV2'.
src/views/Frontstage/FacilitySystem.tsx(396,61): error TS2339: Property 'totalAmount' does not exist on type 'FacilityBookingV2'.
src/views/Frontstage/FacilitySystem.tsx(400,30): error TS2339: Property 'status' does not exist on type 'FacilityBookingV2'.
src/views/Frontstage/FacilitySystem.tsx(405,62): error TS2345: Argument of type 'FacilityBookingV2' is not assignable to parameter of type 'FacilityBooking'.
  Type 'FacilityBookingV2' is missing the following properties from type 'FacilityBooking': residentId, purpose, status, totalAmount
src/views/Frontstage/FacilitySystem.tsx(412,62): error TS2345: Argument of type 'FacilityBookingV2' is not assignable to parameter of type 'FacilityBooking'.
  Type 'FacilityBookingV2' is missing the following properties from type 'FacilityBooking': residentId, purpose, status, totalAmount
src/views/Frontstage/FacilitySystem.tsx(418,30): error TS2339: Property 'status' does not exist on type 'FacilityBookingV2'.
src/views/Frontstage/FacilitySystem.tsx(422,60): error TS2345: Argument of type 'FacilityBookingV2' is not assignable to parameter of type 'FacilityBooking'.
  Type 'FacilityBookingV2' is missing the following properties from type 'FacilityBooking': residentId, purpose, status, totalAmount
src/views/Frontstage/ResidentSystem.tsx(92,30): error TS2339: Property 'initializeResidents' does not exist on type 'CaseReducerActions<{ rehydrate: (state: WritableDraft<ResidentState>, action: { payload: Partial<ResidentState>; type: string; }) => void; ... 6 more ...; setError: (state: WritableDraft<...>, action: { ...; }) => void; }, "resident">'.
src/views/Frontstage/ResidentSystem.tsx(93,30): error TS2339: Property 'initializeAccessCards' does not exist on type 'CaseReducerActions<{ rehydrate: (state: WritableDraft<ResidentState>, action: { payload: Partial<ResidentState>; type: string; }) => void; ... 6 more ...; setError: (state: WritableDraft<...>, action: { ...; }) => void; }, "resident">'.
src/views/Frontstage/ResidentSystem.tsx(94,30): error TS2339: Property 'initializeLicensePlates' does not exist on type 'CaseReducerActions<{ rehydrate: (state: WritableDraft<ResidentState>, action: { payload: Partial<ResidentState>; type: string; }) => void; ... 6 more ...; setError: (state: WritableDraft<...>, action: { ...; }) => void; }, "resident">'.
src/views/Frontstage/ResidentSystem.tsx(100,46): error TS2367: This comparison appears to be unintentional because the types 'ResidentStatus | undefined' and 'string' have no overlap.
src/views/Frontstage/ResidentSystem.tsx(101,47): error TS2367: This comparison appears to be unintentional because the types 'ResidentStatus | undefined' and 'string' have no overlap.
src/views/Frontstage/ResidentSystem.tsx(113,30): error TS2551: Property 'updateStats' does not exist on type 'CaseReducerActions<{ rehydrate: (state: WritableDraft<ResidentState>, action: { payload: Partial<ResidentState>; type: string; }) => void; ... 6 more ...; setError: (state: WritableDraft<...>, action: { ...; }) => void; }, "resident">'. Did you mean 'updateStatus'?
src/views/Frontstage/ResidentSystem.tsx(119,7): error TS18048: 'resident.name' is possibly 'undefined'.
src/views/Frontstage/ResidentSystem.tsx(121,16): error TS2339: Property 'phone' does not exist on type 'ResidentV2'.
src/views/Frontstage/ResidentSystem.tsx(278,82): error TS2345: Argument of type 'ResidentStatus | undefined' is not assignable to parameter of type 'string'.
  Type 'undefined' is not assignable to type 'string'.
src/views/Frontstage/ResidentSystem.tsx(279,34): error TS2345: Argument of type 'ResidentStatus | undefined' is not assignable to parameter of type 'string'.
  Type 'undefined' is not assignable to type 'string'.
src/views/Frontstage/ResidentSystem.tsx(285,52): error TS2339: Property 'phone' does not exist on type 'ResidentV2'.
src/views/Frontstage/ResidentSystem.tsx(286,52): error TS2339: Property 'email' does not exist on type 'ResidentV2'.
src/views/Frontstage/ResidentSystem.tsx(287,63): error TS2339: Property 'moveInDate' does not exist on type 'ResidentV2'.
src/views/Frontstage/ResidentSystem.tsx(289,29): error TS2339: Property 'emergencyContact' does not exist on type 'ResidentV2'.
src/views/Frontstage/ResidentSystem.tsx(290,56): error TS2339: Property 'emergencyContact' does not exist on type 'ResidentV2'.
src/views/Frontstage/ResidentSystem.tsx(290,90): error TS2339: Property 'emergencyContact' does not exist on type 'ResidentV2'.
src/views/Frontstage/ResidentSystem.tsx(299,85): error TS2339: Property 'relationship' does not exist on type 'Tenant'.
src/views/Frontstage/ResidentSystem.tsx(309,56): error TS2345: Argument of type 'ResidentV2' is not assignable to parameter of type 'Resident'.
  Type 'ResidentV2' is missing the following properties from type 'Resident': phone, email, moveInDate
